// Jest Snapshot v1, https://goo.gl/fbAQLP

exports[`<CoinList /> should render a list of coins when supplied 1`] = `
<div>
  <styled.h1 />
  <styled.ul>
    <CoinRow
      coin={
        Object {
          "24h_volume_usd": 1511610000,
          "available_supply": 16526487,
          "id": "bitcoin",
          "last_updated": 1503791971,
          "market_cap_usd": 71929882019,
          "name": "Bitcoin",
          "percent_change_1h": -0.18,
          "percent_change_24h": -0.45,
          "percent_change_7d": 5.29,
          "price_btc": 1,
          "price_usd": 4352.4,
          "rank": 1,
          "symbol": "BTC",
          "total_supply": 16526487,
        }
      }
    />
    <CoinRow
      coin={
        Object {
          "24h_volume_usd": 514181000,
          "available_supply": 94263186,
          "id": "ethereum",
          "last_updated": 1503791974,
          "market_cap_usd": 31472781162,
          "name": "Ethereum",
          "percent_change_1h": 0.26,
          "percent_change_24h": 0.58,
          "percent_change_7d": 13.11,
          "price_btc": 0.0768412,
          "price_usd": 333.882,
          "rank": 2,
          "symbol": "ETH",
          "total_supply": 94263186,
        }
      }
    />
  </styled.ul>
</div>
`;

exports[`<CoinList /> should render a loading item when list is empty 1`] = `
<div>
  <styled.h1 />
  <styled.ul>
    <li>
      Loading coins...
    </li>
  </styled.ul>
</div>
`;
