// Jest Snapshot v1, https://goo.gl/fbAQLP

exports[`<CoinList /> should render a list of coins when supplied 1`] = `
<CoinList
  coins={
    Array [
      Object {
        "24h_volume_usd": 1511610000,
        "available_supply": 16526487,
        "id": "bitcoin",
        "last_updated": 1503791971,
        "market_cap_usd": 71929882019,
        "name": "Bitcoin",
        "percent_change_1h": 0.18,
        "percent_change_24h": -0.45,
        "percent_change_7d": 5.29,
        "price_btc": 1,
        "price_usd": 4352.4,
        "rank": 1,
        "symbol": "BTC",
        "total_supply": 16526487,
      },
      Object {
        "24h_volume_usd": 514181000,
        "available_supply": 94263186,
        "id": "ethereum",
        "last_updated": 1503791974,
        "market_cap_usd": 31472781162,
        "name": "Ethereum",
        "percent_change_1h": 0.26,
        "percent_change_24h": 0.58,
        "percent_change_7d": 13.11,
        "price_btc": 0.0768412,
        "price_usd": 333.882,
        "rank": 2,
        "symbol": "ETH",
        "total_supply": 94263186,
      },
    ]
  }
>
  <div>
    <h1>
      CoinList
    </h1>
    <ul>
      <CoinRow
        coin={
          Object {
            "24h_volume_usd": 1511610000,
            "available_supply": 16526487,
            "id": "bitcoin",
            "last_updated": 1503791971,
            "market_cap_usd": 71929882019,
            "name": "Bitcoin",
            "percent_change_1h": 0.18,
            "percent_change_24h": -0.45,
            "percent_change_7d": 5.29,
            "price_btc": 1,
            "price_usd": 4352.4,
            "rank": 1,
            "symbol": "BTC",
            "total_supply": 16526487,
          }
        }
      >
        <li>
          <img
            src="https://files.coinmarketcap.com/static/img/coins/32x32/bitcoin.png"
          />
          Bitcoin
           -
          <strong>
            cap:
          </strong>
          <NumberFormat
            allowNegative={true}
            decimalSeparator="."
            displayType="text"
            isAllowed={[Function]}
            onChange={[Function]}
            onKeyDown={[Function]}
            onMouseUp={[Function]}
            prefix="$"
            suffix=""
            thousandSeparator={true}
            type="text"
            value={71929882019}
          >
            <span>
              $71,929,882,019
            </span>
          </NumberFormat>
          <strong>
            vol:
          </strong>
          <NumberFormat
            allowNegative={true}
            decimalSeparator="."
            displayType="text"
            isAllowed={[Function]}
            onChange={[Function]}
            onKeyDown={[Function]}
            onMouseUp={[Function]}
            prefix="$"
            suffix=""
            thousandSeparator={true}
            type="text"
            value={1511610000}
          >
            <span>
              $1,511,610,000
            </span>
          </NumberFormat>
          <strong>
            coin:
          </strong>
          <NumberFormat
            allowNegative={true}
            decimalSeparator="."
            displayType="text"
            isAllowed={[Function]}
            onChange={[Function]}
            onKeyDown={[Function]}
            onMouseUp={[Function]}
            prefix="$"
            suffix=""
            thousandSeparator={true}
            type="text"
            value={4352.4}
          >
            <span>
              $4,352.4
            </span>
          </NumberFormat>
        </li>
      </CoinRow>
      <CoinRow
        coin={
          Object {
            "24h_volume_usd": 514181000,
            "available_supply": 94263186,
            "id": "ethereum",
            "last_updated": 1503791974,
            "market_cap_usd": 31472781162,
            "name": "Ethereum",
            "percent_change_1h": 0.26,
            "percent_change_24h": 0.58,
            "percent_change_7d": 13.11,
            "price_btc": 0.0768412,
            "price_usd": 333.882,
            "rank": 2,
            "symbol": "ETH",
            "total_supply": 94263186,
          }
        }
      >
        <li>
          <img
            src="https://files.coinmarketcap.com/static/img/coins/32x32/ethereum.png"
          />
          Ethereum
           -
          <strong>
            cap:
          </strong>
          <NumberFormat
            allowNegative={true}
            decimalSeparator="."
            displayType="text"
            isAllowed={[Function]}
            onChange={[Function]}
            onKeyDown={[Function]}
            onMouseUp={[Function]}
            prefix="$"
            suffix=""
            thousandSeparator={true}
            type="text"
            value={31472781162}
          >
            <span>
              $31,472,781,162
            </span>
          </NumberFormat>
          <strong>
            vol:
          </strong>
          <NumberFormat
            allowNegative={true}
            decimalSeparator="."
            displayType="text"
            isAllowed={[Function]}
            onChange={[Function]}
            onKeyDown={[Function]}
            onMouseUp={[Function]}
            prefix="$"
            suffix=""
            thousandSeparator={true}
            type="text"
            value={514181000}
          >
            <span>
              $514,181,000
            </span>
          </NumberFormat>
          <strong>
            coin:
          </strong>
          <NumberFormat
            allowNegative={true}
            decimalSeparator="."
            displayType="text"
            isAllowed={[Function]}
            onChange={[Function]}
            onKeyDown={[Function]}
            onMouseUp={[Function]}
            prefix="$"
            suffix=""
            thousandSeparator={true}
            type="text"
            value={333.882}
          >
            <span>
              $333.882
            </span>
          </NumberFormat>
        </li>
      </CoinRow>
    </ul>
  </div>
</CoinList>
`;

exports[`<CoinList /> should render a loading item when list is empty 1`] = `
<CoinList
  coins={Array []}
>
  <div>
    <h1>
      CoinList
    </h1>
    <ul>
      <li>
        Loading coins...
      </li>
    </ul>
  </div>
</CoinList>
`;
